Run options: -v --seed 14471

# Running:

TiaUpdateTest#test_account_if_given_must_exist = 0.71 s = .
TiaUpdateTest#test_required_attributes = 0.01 s = .
TiaUpdateTest#test_fixture_usefulness = 0.01 s = .
TiaUpdateTest#test_prio_labels = 0.00 s = .
TiaUpdateTest#test_copy_modified_fields = 0.01 s = .
TiaUpdateTest#test_tia_item_must_exist = 0.03 s = .
GroupCategoryTest#test_add_new_record_-_test_defaults = 0.01 s = .
GroupCategoryTest#test_trim_text = 0.00 s = .
RfcStatusRecordTest#test_defaults = 0.01 s = .
RfcStatusRecordTest#test_fixture_usefulness = 0.00 s = .
RfcStatusRecordTest#test_group_code = 0.02 s = .
PersonTest#test_test_default_settings = 0.01 s = .
PersonTest#test_at_least_informal_name_must_be_given = 0.01 s = .
PersonTest#test_provide_both_names = 0.00 s = .
PersonTest#test_at_least_formal_name_must_be_given = 0.00 s = .
PersonTest#test_formal_name_with_id = 0.00 s = .
CountryNameTest#test_fixture_usefulness = 0.00 s = .
CountryNameTest#test_trimming_of_label = 0.00 s = .
CountryNameTest#test_all_required_parameters = 0.00 s = .
CountryNameTest#test_required_parameters:_code_only = 0.01 s = .
CountryNameTest#test_trimming_of_code = 0.00 s = .
CountryNameTest#test_uniqueness_of_code = 0.00 s = .
CountryNameTest#test_default_values_of_new_record = 0.00 s = .
CountryNameTest#test_trimming_of_empty_label = 0.00 s = .
CountryNameTest#test_trimming_of_empty_code = 0.00 s = .
CountryNameTest#test_required_parameters:_label_only = 0.01 s = .
ContactInfoTest#test_given_address_must_exist = 0.01 s = .
ContactInfoTest#test_type_of_contact_info_must_be_unique_for_each_user = 0.02 s = .
ContactInfoTest#test_person_related_to_this_contact_info_must_exist = 0.01 s = .
ContactInfoTest#test_if_specified,_an_address_must_exist = 0.02 s = .
ContactInfoTest#test_given_person_must_exist = 0.00 s = .
ContactInfoTest#test_default_values = 0.00 s = .
StandardsBodyTest#test_all_required_parameters = 0.01 s = .
StandardsBodyTest#test_fixture_usefulness = 0.00 s = .
StandardsBodyTest#test_default_values_of_new_record = 0.00 s = .
StandardsBodyTest#test_required_parameters:_code_only = 0.00 s = .
StandardsBodyTest#test_trimming_of_empty_code = 0.00 s = .
StandardsBodyTest#test_trimming_of_empty_description = 0.00 s = .
StandardsBodyTest#test_trimming_of_description = 0.00 s = .
StandardsBodyTest#test_required_parameters:_description_only = 0.00 s = .
StandardsBodyTest#test_trimming_of_code = 0.00 s = .
DsrStatusRecordTest2#test_ready_for_prepare = 0.08 s = .
DsrStatusRecordTest2#test_setting_defaults = 0.00 s = .
DsrStatusRecordTest2#test_ready_to_withdraw = 0.01 s = .
DsrStatusRecordTest2#test_submission_group = 0.02 s = .
DsrStatusRecordTest2#test_programme_activities_must_not_be_the_same = 0.02 s = .
DsrStatusRecordTest2#test_programe_activity_subm_activity_id = 0.02 s = .
DsrStatusRecordTest2#test_ready_for_submission = 0.00 s = .
DsrStatusRecordTest2#test_planned_start_of_preparation = 0.02 s = E
DsrStatusRecordTest2#test_programe_activity_prep_activity_id = 0.02 s = .
GlossaryItemTest#test_required_attributes = 0.01 s = .
GlossaryItemTest#test_reference_must_exist = 0.00 s = .
GlossaryItemTest#test_ensure_fixture_usefulness_ = 0.01 s = .
GlossaryItemTest#test_trimming_of_term = 0.00 s = .
GlossaryItemTest#test_trimming_of_code = 0.00 s = .
GlossaryItemTest#test_trimming_code_to_nil = 0.00 s = .
GlossaryItemTest#test_reference_with_id = 0.00 s = .
GlossaryItemTest#test_trimming_term_to_nil = 0.00 s = .
GlossaryItemTest#test_ensure_defaults = 0.00 s = .
HolidayTest#test_automatically_set_date_until_when_only_date_from_exists = 0.01 s = .
HolidayTest#test_handling_of_invalid_dates_-_no_31_days_in_April = 0.00 s = .
HolidayTest#test_period_to_s = 0.01 s = .
HolidayTest#test_required_parameters:_date_from = 0.01 s = .
HolidayTest#test_date_from_and_date_until_ok = 0.00 s = .
HolidayTest#test_required_parameters:_work = 0.01 s = .
HolidayTest#test_range_of_valid_values:_work = 0.01 s = .
HolidayTest#test_both_dates_must_be_within_the_same_year = 0.00 s = .
HolidayTest#test_country_reference_must_exist = 0.01 s = .
HolidayTest#test_handling_of_invalid_dates_-_input_month_name_only = 0.00 s = .
HolidayTest#test_handling_of_invalid_dates_-_input_weekday,_day,_year_only = 0.00 s = .
HolidayTest#test_handling_of_invalid_dates_-_non-date_string_input = 0.00 s = .
HolidayTest#test_handling_of_invalid_dates_-_February_29_in_a_non-leap_year = 0.00 s = .
HolidayTest#test_default_values_of_new_record = 0.00 s = .
HolidayTest#test_not_required_parameter:_region_name_id = 0.00 s = .
HolidayTest#test_region_to_s = 0.01 s = .
HolidayTest#test_region_reference_must_exist = 0.00 s = .
HolidayTest#test_handling_of_invalid_dates_-_February_30_in_a_leap_year = 0.00 s = .
HolidayTest#test_handling_of_invalid_dates_-_input_month_and_day = 0.00 s = .
HolidayTest#test_handling_of_invalid_dates_-_input_month_and_year_only = 0.00 s = .
HolidayTest#test_required_parameters:_country_name_id = 0.00 s = .
HolidayTest#test_handling_of_invalid_dates_-_blank = 0.00 s = .
HolidayTest#test_handling_of_invalid_dates_-_input_month_and_day_only = 0.00 s = .
HolidayTest#test_required_parameters:_date_from_only = 0.00 s = .
HolidayTest#test_required_parameters:_description = 0.00 s = .
HolidayTest#test_trimming_of_description_text = 0.00 s = .
HolidayTest#test_date_until_must_be_past_date_from = 0.00 s = .
FeatureCategoryTest#test_default_settings = 0.00 s = .
FeatureCategoryTest#test_required_attributes = 0.00 s = .
WebLinkTest#test_fixture_usefulness = 0.01 s = .
WebLinkTest#test_hyperlinks = 0.00 s = .
WebLinkTest#test_label_must_not_be_blank = 0.00 s = .
Permission4GroupTest#test_given_group_must_be_0_or_must_exist = 0.02 s = .
Permission4GroupTest#test_given_feature_must_exist = 0.00 s = .
Permission4GroupTest#test_method_group_code = 0.00 s = .
Permission4GroupTest#test_check_minimum_permissions? = 0.00 s = .
Permission4GroupTest#test_given_account_must_exist = 0.00 s = .
Permission4GroupTest#test_interdependencies:_to_update_requires_to_read_access_permission = 0.01 s = .
Permission4GroupTest#test_verify_default_settings = 0.00 s = .
DsrProgressRateTest#test_approve_progress_range = 0.01 s = .
DsrProgressRateTest#test_fixtures = 0.00 s = .
DsrProgressRateTest#test_document_progress_range = 0.00 s = .
DsrProgressRateTest#test_defaults_for_new = 0.00 s = .
DsrProgressRateTest#test_prepare_progress_range = 0.00 s = .
TiaItemTest#test_seq_no_must_be_unique_within_list = 0.01 s = .
TiaItemTest#test_status_labels = 0.00 s = .
TiaItemTest#test_ensure_status_dimensions = 0.00 s = .
TiaItemTest#test_do_not_archive_unless_item_is_closed = 0.03 s = .
TiaItemTest#test_tia_list_must_exist = 0.01 s = .
TiaItemTest#test_fixture_usefulness = 0.00 s = .
TiaItemTest#test_account_if_given_must_exist = 0.01 s = .
TiaItemTest#test_required_attributes = 0.01 s = .
DsrStatusRecordTest1#test_validity_checks_-_project_doc_id = 0.00 s = .
DsrStatusRecordTest1#test_upon_destroy_all_related_submissions_will_be_deleted = 0.01 s = .
DsrStatusRecordTest1#test_default_values = 0.00 s = .
DsrStatusRecordTest1#test_submission_required_and_submission_purpose_range = 0.01 s = .
DsrStatusRecordTest1#test_determine_late_prep_status = 0.00 s = .
DsrStatusRecordTest1#test_validity_checks_-_sender_group = 0.01 s = .
DsrStatusRecordTest1#test_fixture_usefulness_1_-_minimum_content = 0.00 s = .
DsrStatusRecordTest1#test_validity_checks_-_sender_doc_id = 0.00 s = .
DsrStatusRecordTest1#test_quantity_and_frequency_combination = 0.05 s = .
DsrStatusRecordTest1#test_fixture_usefulness_2_-_full_content = 0.04 s = .
DsrStatusRecordTest1#test_single_submission_frequency_and_submission_frequency_range = 0.02 s = .
DsrStatusRecordTest1#test_label_for_sub_purpose = 0.00 s = .
DsrStatusRecordTest1#test_document_group_handling = 0.02 s = .
DsrStatusRecordTest1#test_validity_checks_-_receiver_doc_id = 0.00 s = .
DsrStatusRecordTest1#test_validity_checks_-_title = 0.01 s = .
DsrStatusRecordTest1#test_determine_late_completion_status = 0.00 s = .
DsrStatusRecordTest1#test_determine_late_submission_status = 0.00 s = E
Permission4FlowTest#test_permission_for_task_method = 0.01 s = .
Permission4FlowTest#test_given_feature_must_exist = 0.01 s = .
Permission4FlowTest#test_task_list_contents = 0.01 s = .
Permission4FlowTest#test_given_account_must_exist = 0.01 s = .
Permission4FlowTest#test_verify_default_settings = 0.00 s = .
PermissionForUserTest#test_permit_to_index_feature_2_for_all_groups = 0.06 s = .
PermissionForUserTest#test_non-existing_feature = 0.00 s = .
PermissionForUserTest#test_no_permission_record:_nothing_permitted = 1.10 s = .
PermissionForUserTest#test_permit_to_index_feature_1_for_all_groups = 0.04 s = .
SiemensPhaseTest#test_required_attributes = 0.01 s = .
SiemensPhaseTest#test_trimming_of_label_m = 0.00 s = .
SiemensPhaseTest#test_required_attribute_code = 0.00 s = .
SiemensPhaseTest#test_trimming_of_label_p = 0.00 s = .
SiemensPhaseTest#test_uniqueness_of_code = 0.00 s = .
SiemensPhaseTest#test_ensure_defaults = 0.00 s = .
SiemensPhaseTest#test_trimming_of_code = 0.00 s = .
SiemensPhaseTest#test_ensure_usefulness_of_test_data = 0.00 s = .
DbChangeRequestTest#test_required_attributes = 0.01 s = .
DbChangeRequestTest#test_required_attributes_(request_text) = 0.01 s = .
DbChangeRequestTest#test_stats = 0.00 s = .
DbChangeRequestTest#test_required_attributes_(requesting_account_id) = 0.00 s = .
DbChangeRequestTest#test_status_label_with_id = 0.00 s = .
DbChangeRequestTest#test_responsible_with_id = 0.01 s = .
DbChangeRequestTest#test_ensure_status_dimensions = 0.00 s = .
DbChangeRequestTest#test_feature_with_id = 0.00 s = .
DbChangeRequestTest#test_default_settings = 0.00 s = .
DbChangeRequestTest#test_requestor_with_id = 0.01 s = .
DbChangeRequestTest#test_optional_attribute_valid_(responsible_account_id) = 0.01 s = .
ResponsibilityTest#test_related_record_does_not_exist_-_group = 0.02 s = .
ResponsibilityTest#test_given_group_must_exist = 0.01 s = .
ResponsibilityTest#test_related_records_must_exist = 0.01 s = .
ResponsibilityTest#test_remove_leading_and_trailing_blanks_in_description = 0.00 s = .
ResponsibilityTest#test_given_person_must_exist_or_be_0 = 0.01 s = .
ResponsibilityTest#test_defaults_for_new_records = 0.00 s = .
CsrStatusRecordTest#test_group_codes = 0.02 s = .
CsrStatusRecordTest#test__label = 0.00 s = .
CsrStatusRecordTest#test_required_attributes = 0.00 s = .
CsrStatusRecordTest#test_validity_of_reply_status_record_id = 0.01 s = .
CsrStatusRecordTest#test_defaults = 0.00 s = .
CsrStatusRecordTest#test_fixture_1_usefulness = 0.00 s = .
CsrStatusRecordTest#test_fixture_2_usefulness = 0.01 s = .
CsrStatusRecordTest#test_incoming/outgoing = 0.00 s = .
RfcDocumentTest#test_modified = 0.01 s = .
RfcDocumentTest#test_default_values = 0.00 s = .
RfcDocumentTest#test_fixture_usefulness = 0.00 s = .
RfcDocumentTest#test_all_required_parameters = 0.01 s = .
FixturesTest#test_fixtures_-_responsibility_one_exists = 0.00 s = .
FixturesTest#test_fixtures_check_group_id_for_all_features = 0.00 s = .
DsrSubmissionTest#test_minimum_validations = 0.01 s = .
DsrSubmissionTest#test_defaults = 0.00 s = .
DsrSubmissionTest#test_related_dsr_record_must_exist = 0.01 s = .
DsrSubmissionTest#test_fixture_1 = 0.00 s = .
DsrSubmissionTest#test_submission_no_must_be_unique_for_a_specific_dsr_record = 0.01 s = .
DsrSubmissionTest#test_fixture_2 = 0.00 s = .
AddressTest#test_address_label_must_be_unique = 0.01 s = .
AddressTest#test_label_with_id = 0.00 s = .
AddressTest#test_remove_leading,_trailing,_and_duplicate_blanks = 0.00 s = .
TiaListTest#test_members_label_shall_not_have_leading/trailing_blanks = 0.00 s = .
TiaListTest#test_one_owner_should_not_use_same_code_twice = 0.01 s = .
TiaListTest#test_given_account_must_exist = 0.01 s = .
TiaListTest#test_accounts_for_select_1 = 0.01 s = .
TiaListTest#test_members_have_default_string = 0.00 s = .
TiaListTest#test_label_shall_not_have_leading/trailing_blanks = 0.00 s = .
TiaListTest#test_accounts_for_select_2 = 0.00 s = .
TiaListTest#test_code_shall_not_have_leading/trailing_blanks = 0.00 s = .
TiaListTest#test_fixture_usefulness = 0.00 s = .
TiaListTest#test_item_code = 0.00 s = .
TiaListTest#test_owner_or_deputy? = 0.00 s = .
ProgrammeActivityTest#test_default_values = 0.00 s = .
ProgrammeActivityTest#test_label_with_id = 0.00 s = .
ProgrammeActivityTest#test_required_fields = 0.00 s = .
ProgrammeActivityTest#test_usefulness_of_fixture = 0.00 s = .
ProgrammeActivityTest#test_start_date_must_be_before_finish_date = 0.00 s = .
ProgrammeActivityTest#test_write_accessors_remove_leading,_trailing,_duplicate_blanks = 0.00 s = .
GroupTest#test_required_parameters:_seqno_only = 0.01 s = .
GroupTest#test_required_parameters:_all_required = 0.01 s = .
GroupTest#test_default_values_of_new_record = 0.00 s = .
GroupTest#test_required_parameters:_notes_only = 0.01 s = .
GroupTest#test_method_group_category_with_id = 0.00 s = .
GroupTest#test_required_parameters:_code_only = 0.01 s = .
GroupTest#test_required_parameters:_label_only = 0.01 s = .
GroupTest#test_required_parameters:_category_only = 0.01 s = .
GroupTest#test_method_code_with_id = 0.00 s = .
GroupTest#test_method_label_with_id = 0.00 s = .
PhaseCodeTest#test_trimming_of_label = 0.01 s = .
PhaseCodeTest#test_uniqueness_of_acro = 0.01 s = .
PhaseCodeTest#test_required_attribute_code = 0.00 s = .
PhaseCodeTest#test_ensure_defaults = 0.00 s = .
PhaseCodeTest#test_required_attribute_label = 0.00 s = .
PhaseCodeTest#test_ensure_usefulness_of_test_data = 0.00 s = .
PhaseCodeTest#test_acro_<>_code = 0.00 s = .
PhaseCodeTest#test_required_attributes = 0.00 s = .
PhaseCodeTest#test_trimming_of_code = 0.00 s = .
PhaseCodeTest#test_given_siemens_phase_exists = 0.01 s = .
PhaseCodeTest#test_uniqueness_of_code = 0.00 s = .
PhaseCodeTest#test_trimming_of_acro = 0.00 s = .
FeatureTest#test_required_attribute_feature_category_id = 0.00 s = .
FeatureTest#test_control_level_methods = 0.00 s = .
FeatureTest#test_access_level_range = 0.10 s = .
FeatureTest#test_format_of_code = 0.02 s = .
FeatureTest#test_feature_category_must_exist_-_non-existing = 0.00 s = .
FeatureTest#test_access_level_methods = 0.00 s = .
FeatureTest#test_feature_category_with_id = 0.00 s = .
FeatureTest#test_uniqueness_of_code = 0.00 s = .
FeatureTest#test_required_attribute_seqno = 0.00 s = .
FeatureTest#test_required_attributes = 0.00 s = .
FeatureTest#test_ensure_defaults = 0.00 s = .
FeatureTest#test_feature_category_must_exist_-_non_given = 0.00 s = .
FeatureTest#test_required_attribute_code = 0.00 s = .
FeatureTest#test_required_attribute_access_level = 0.00 s = .
FeatureTest#test_label_with_id = 0.00 s = .
DsrDocGroupTest#test_fixture_1_group_must_not_be_equal_to_fixture_2_group = 0.00 s = .
DsrDocGroupTest#test_defaults = 0.00 s = .
DsrDocGroupTest#test_minimum = 0.00 s = .
DsrDocGroupTest#test_group_must_exist = 0.00 s = .
DsrDocGroupTest#test_fixture_1 = 0.00 s = .
DsrDocGroupTest#test_code = 0.00 s = .
DsrDocGroupTest#test_title = 0.00 s = .
DsrDocGroupTest#test_fixture_2 = 0.00 s = .
ReferenceTest#test_get_select_collection = 0.01 s = .
ReferenceTest#test_trimming_of_code = 0.00 s = .
ReferenceTest#test_default_values_of_new_record = 0.00 s = .
ReferenceTest#test_fixture_usefulness = 0.00 s = .
ReferenceTest#test_validity_of_Reference = 0.00 s = .
ReferenceTest#test_uniqueness_of_code = 0.00 s = .
AccountTest#test_permitted_groups = 0.08 s = .
AccountTest#test_account_name_must_be_unique = 0.01 s = .
AccountTest#test_new_account_must_have_name_and_password:_5._both_set = 0.01 s = .
AccountTest#test_new_account_must_have_name_and_password:_4._reset_all_nil = 0.02 s = .
AccountTest#test_add_new_account,_check_defaults = 0.00 s = .
AccountTest#test_account_must_have_at_least_3_character_name = 0.00 s = .
AccountTest#test_new_account_must_have_name_and_password:_1._name_only = 0.00 s = .
AccountTest#test_new_account_must_have_name_and_password:_2._reset_to_all_nil = 0.00 s = .
AccountTest#test_new_account_must_have_name_and_password:_0._both_nil = 0.00 s = .
AccountTest#test_given_person_must_exist = 0.01 s = .
AccountTest#test_new_account_must_have_name_and_password:_3._password_only = 0.00 s = .
AccountTest#test_method_name_with_id = 0.00 s = .
SubmissionGroupTest#test_required_parameters:_here_it_is_code_only = 0.00 s = .
SubmissionGroupTest#test_default_values_of_new_record = 0.00 s = .
SubmissionGroupTest#test_trimming_of_label = 0.00 s = .
SubmissionGroupTest#test_trimming_of_code = 0.00 s = .
SubmissionGroupTest#test_submission_code_must_be_unique = 0.01 s = .
AbbreviationTest#test_required_parameters:_code_only = 0.01 s = .
AbbreviationTest#test_required_parameters:_description_only = 0.00 s = .
AbbreviationTest#test_trimming_of_code = 0.00 s = .
AbbreviationTest#test_trimming_of_description = 0.00 s = .
AbbreviationTest#test_fixture_usefulness = 0.00 s = .
AbbreviationTest#test_code_must_not_be_unique = 0.01 s = .
AbbreviationTest#test_default_values_of_new_record = 0.00 s = .
AbbreviationTest#test_all_required_parameters = 0.00 s = .
RegionNameTest#test_trimming_of_code = 0.00 s = .
RegionNameTest#test_trimming_of_empty_code = 0.00 s = .
RegionNameTest#test_required_paramters:_label_only = 0.01 s = .
RegionNameTest#test_required_parameters:_country_only = 0.01 s = .
RegionNameTest#test_given_country_exists = 0.00 s = .
RegionNameTest#test_trimming_of_label = 0.00 s = .
RegionNameTest#test_uniqueness_of_country_/_code_combination = 0.01 s = .
RegionNameTest#test_all_required_paramters = 0.01 s = .
RegionNameTest#test_fixture_usefullness = 0.00 s = .
RegionNameTest#test_trimming_of_empty_label = 0.00 s = .
RegionNameTest#test_default_values_of_new_record = 0.00 s = .
RegionNameTest#test_required_paramters:_code_only = 0.01 s = .
TiaMemberTest#test_fixture_usefulness = 0.02 s = .
TiaMemberTest#test_required_attributes = 0.02 s = .
UnitNameTest#test_required_parameters:_code_only = 0.01 s = .
UnitNameTest#test_trimming_of_empty_code = 0.00 s = .
UnitNameTest#test_trimming_of_code = 0.00 s = .
UnitNameTest#test_all_required_parameters = 0.00 s = .
UnitNameTest#test_required_parameters:_label_only = 0.00 s = .
UnitNameTest#test_fixture_usefulness = 0.00 s = .
UnitNameTest#test_default_values_of_new_record = 0.00 s = .
UnitNameTest#test_trimming_of_empty_label = 0.00 s = .
UnitNameTest#test_combination_code_and_label = 0.00 s = .
UnitNameTest#test_trimming_of_label = 0.00 s = .

Finished in 3.766764s, 80.1749 runs/s, 758.2105 assertions/s.

  1) Error:
DsrStatusRecordTest2#test_planned_start_of_preparation:
NoMethodError: undefined method `first_plan_date=' for #<DsrStatusRecord:0x000000079c7e38>
    test/models/dsr_status_record_2_test.rb:96:in `block in <class:DsrStatusRecordTest2>'


  2) Error:
DsrStatusRecordTest1#test_determine_late_submission_status:
NameError: undefined local variable or method `actl_submission' for #<DsrStatusRecord:0x00000007415558>
    app/models/dsr_status_record.rb:442:in `determine_late_subm'
    test/models/dsr_status_record_3_test.rb:34:in `block in <class:DsrStatusRecordTest1>'

302 runs, 2856 assertions, 0 failures, 2 errors, 0 skips
